.next/dev/types/validator.ts(459,31): error TS2344: Type 'typeof import("F:/Dhaka-Chronicles/src/app/api/live-blogs/[articleId]/route")' does not satisfy the constraint 'RouteHandlerConfig<"/api/live-blogs/[articleId]">'.
  Types of property 'GET' are incompatible.
    Type '(request: Request, { params }: { params: { articleId: string; }; }) => Promise<NextResponse<{ success: boolean; data: any[]; }> | NextResponse<{ error: any; }>>' is not assignable to type '(request: NextRequest, context: { params: Promise<{ articleId: string; }>; }) => void | Response | Promise<void | Response>'.
      Types of parameters '__1' and 'context' are incompatible.
        Type '{ params: Promise<{ articleId: string; }>; }' is not assignable to type '{ params: { articleId: string; }; }'.
          Types of property 'params' are incompatible.
            Property 'articleId' is missing in type 'Promise<{ articleId: string; }>' but required in type '{ articleId: string; }'.
.next/types/validator.ts(53,39): error TS2307: Cannot find module '../../src/app/(admin)/articles/[id]/edit/page.js' or its corresponding type declarations.
.next/types/validator.ts(62,39): error TS2307: Cannot find module '../../src/app/(admin)/articles/new/page.js' or its corresponding type declarations.
.next/types/validator.ts(71,39): error TS2307: Cannot find module '../../src/app/(admin)/articles/page.js' or its corresponding type declarations.
.next/types/validator.ts(80,39): error TS2307: Cannot find module '../../src/app/(admin)/categories/page.js' or its corresponding type declarations.
.next/types/validator.ts(89,39): error TS2307: Cannot find module '../../src/app/(admin)/comments/page.js' or its corresponding type declarations.
.next/types/validator.ts(98,39): error TS2307: Cannot find module '../../src/app/(admin)/dashboard/page.js' or its corresponding type declarations.
.next/types/validator.ts(107,39): error TS2307: Cannot find module '../../src/app/(admin)/facebook-sync/page.js' or its corresponding type declarations.
.next/types/validator.ts(116,39): error TS2307: Cannot find module '../../src/app/(admin)/media/page.js' or its corresponding type declarations.
.next/types/validator.ts(125,39): error TS2307: Cannot find module '../../src/app/(admin)/settings/page.js' or its corresponding type declarations.
.next/types/validator.ts(134,39): error TS2307: Cannot find module '../../src/app/(admin)/users/page.js' or its corresponding type declarations.
.next/types/validator.ts(435,39): error TS2307: Cannot find module '../../src/app/(admin)/layout.js' or its corresponding type declarations.
